Info: Start Nativelink Simulation process

========= EDA Simulation Settings =====================

Sim Mode              :  Gate
Family                :  cycloneii
Quartus root          :  c:/altera/90/quartus/bin/
Quartus sim root      :  c:/altera/90/quartus/eda/sim_lib
Simulation Tool       :  modelsim-altera
Simulation Language   :  verilog
Simulation Mode       :  GUI
Sim Output File       :  Den_Giao_Thong.vo
Sim SDF file          :  Den_Giao_Thong__verilog.sdo
Sim dir               :  simulation\modelsim

=======================================================

Info: Starting NativeLink simulation with ModelSim-Altera software
Sourced NativeLink script c:/altera/90/quartus/common/tcl/internal/nativelink/modelsim.tcl
Warning: File Den_Giao_Thong_run_msim_gate_verilog.do already exists - backing up current file as Den_Giao_Thong_run_msim_gate_verilog.do.bak11
Probing transcript
ModelSim-Altera Info: # Reading C:/altera/90/modelsim_ase/tcl/vsim/pref.tcl 
ModelSim-Altera Info: # do Den_Giao_Thong_run_msim_gate_verilog.do 
ModelSim-Altera Info: # if {[file exists gate_work]} {
ModelSim-Altera Info: # 	vdel -lib gate_work -all
ModelSim-Altera Info: # }
ModelSim-Altera Info: # vlib gate_work
ModelSim-Altera Info: # vmap work gate_work
ModelSim-Altera Info: # Copying C:\altera\90\modelsim_ase\win32aloem/../modelsim.ini to modelsim.ini
ModelSim-Altera Info: # Modifying modelsim.ini
ModelSim-Altera Warning: # ** Warning: Copied C:\altera\90\modelsim_ase\win32aloem/../modelsim.ini to modelsim.ini.
ModelSim-Altera Info: #          Updated modelsim.ini.
ModelSim-Altera Info: # 
ModelSim-Altera Info: # vlog -vlog01compat -work work +incdir+. {Den_Giao_Thong.vo}
ModelSim-Altera Info: # Model Technology ModelSim ALTERA vlog 6.4a Compiler 2008.08 Oct 22 2008
ModelSim-Altera Info: # -- Compiling module Den_Giao_Thong
ModelSim-Altera Info: # 
ModelSim-Altera Info: # Top level modules:
ModelSim-Altera Info: # 	Den_Giao_Thong
ModelSim-Altera Info: # 
ModelSim-Altera Info: # vlog -vlog01compat -work work +incdir+D:/Work_Place/Practice_space/Practice_SP/Verilog/Thesis_FPGA_Traffic_Light {D:/Work_Place/Practice_space/Practice_SP/Verilog/Thesis_FPGA_Traffic_Light/tb_traffic_light.v}
ModelSim-Altera Info: # Model Technology ModelSim ALTERA vlog 6.4a Compiler 2008.08 Oct 22 2008
ModelSim-Altera Info: # -- Compiling module tb_traffic_light
ModelSim-Altera Info: # 
ModelSim-Altera Info: # Top level modules:
ModelSim-Altera Info: # 	tb_traffic_light
ModelSim-Altera Info: # 
ModelSim-Altera Info: # vsim -t 1ps +transport_int_delays +transport_path_delays -L cycloneii_ver -L gate_work -L work -voptargs="+acc" tb_traffic_light
ModelSim-Altera Info: # vsim +transport_int_delays +transport_path_delays -L cycloneii_ver -L gate_work -L work -voptargs=\"+acc\" -t 1ps tb_traffic_light 
ModelSim-Altera Info: # Loading work.tb_traffic_light
ModelSim-Altera Info: # Loading work.Den_Giao_Thong
ModelSim-Altera Info: # Loading cycloneii_ver.cycloneii_routing_wire
ModelSim-Altera Info: # Loading cycloneii_ver.cycloneii_lcell_ff
ModelSim-Altera Info: # Loading cycloneii_ver.cycloneii_lcell_comb
ModelSim-Altera Info: # Loading cycloneii_ver.cycloneii_io
ModelSim-Altera Info: # Loading cycloneii_ver.cycloneii_mux21
ModelSim-Altera Info: # Loading cycloneii_ver.cycloneii_dffe
ModelSim-Altera Info: # Loading cycloneii_ver.cycloneii_asynch_io
ModelSim-Altera Info: # Loading cycloneii_ver.cycloneii_clkctrl
ModelSim-Altera Info: # Loading cycloneii_ver.cycloneii_mux41
ModelSim-Altera Info: # Loading cycloneii_ver.cycloneii_ena_reg
ModelSim-Altera Info: # SDF 6.4a Compiler 2008.08 Oct 22 2008
ModelSim-Altera Info: # 
ModelSim-Altera Info: # Loading instances from Den_Giao_Thong_v.sdo
ModelSim-Altera Info: # Loading cycloneii_ver.CYCLONEII_PRIM_DFFE
ModelSim-Altera Info: # Loading timing data from Den_Giao_Thong_v.sdo
ModelSim-Altera Info: # ** Note: (vsim-3587) SDF Backannotation Successfully Completed.
ModelSim-Altera Info: #    Time: 0 ps  Iteration: 0  Region: /tb_traffic_light  File: D:/Work_Place/Practice_space/Practice_SP/Verilog/Thesis_FPGA_Traffic_Light/tb_traffic_light.v
ModelSim-Altera Info: # 
ModelSim-Altera Info: # add wave *
ModelSim-Altera Info: # view structure
ModelSim-Altera Info: # .main_pane.workspace.interior.cs.nb.canvas.notebook.cs.page2.cs
ModelSim-Altera Info: # view signals
ModelSim-Altera Info: # .main_pane.signals.interior.cs
ModelSim-Altera Info: # run -all
Info: NativeLink simulation flow was successful
